// Jest Snapshot v1, https://goo.gl/fbAQLP

exports[`renders button correctly 1`] = `
<button
  className="Button-sc-2h6cpf-0 ijLNHU"
>
  my button
</button>
`;
